
============================================================
YONOD 数据集输入向导 v1.0
============================================================

欢迎使用YONOD数据集输入向导!
本向导将引导您完成数据集的配置和规范化。
============================================================
步骤1: 指定数据集/配置文件
============================================================

请输入数据集路径(CSV)或配置文件路径(schema-2 YAML): [OK] YAML配置文件: config/ablation2_formal_mfp_lightgbm_random_repeat_group_full_v1.yaml

============================================================
检测到 schema-2 YAML 配置文件，验证中...
============================================================
[OK] 配置文件验证通过
    项目名称: ablation2_formal_mfp_lightgbm_random_repeat_group_full_v1
    阶段: benchmark
    数据集: /home/wangzh685/桌面/ord-data/YONOD/result/ablation2_amide_data_prep_v1/data/standardized_population.csv

[OK] 配置文件有效,直接启动建模

[启动] 正在通过 yonod.py 运行 manifest_outer_cv strict benchmark...
[split] imported and revalidated external manifest: /home/wangzh685/桌面/ord-data/YONOD/result/ablation2_amide_splits_v1/manifests/random_repeat_group_split_manifest.parquet
[plan] run_id=standardized-population-16a7304a201c theoretical_tasks=15 requeued=0 interrupted=0
[phase 1/2] precompute or reuse eligible feature sets
[descriptor:computed] mfp_full -> /home/wangzh685/桌面/ord-data/YONOD/result/ablation2_formal_mfp_lightgbm_random_repeat_group_full_v1/feature/mfp_full.npz
[phase 2/2] folds consume artifacts or fold-local transformers by declared lifecycle
[LightGBM] [Info] Auto-choosing row-wise multi-threading, the overhead of testing was 0.025679 seconds.
You can set `force_row_wise=true` to remove the overhead.
And if memory is not enough, you can set `force_col_wise=true`.
[LightGBM] [Info] Total Bins 6191
[LightGBM] [Info] Number of data points in the train set: 37612, number of used features: 2715
[LightGBM] [Info] Start training from score 0.366825
[succeeded] standardized-population-16a7304a201c__split-ba15f9ebc035__mfp_full__lightgbm__r01__f01
[LightGBM] [Info] Auto-choosing row-wise multi-threading, the overhead of testing was 0.024120 seconds.
You can set `force_row_wise=true` to remove the overhead.
And if memory is not enough, you can set `force_col_wise=true`.
[LightGBM] [Info] Total Bins 6191
[LightGBM] [Info] Number of data points in the train set: 37612, number of used features: 2715
[LightGBM] [Info] Start training from score 0.367612
[succeeded] standardized-population-16a7304a201c__split-ba15f9ebc035__mfp_full__lightgbm__r01__f02
[LightGBM] [Info] Auto-choosing row-wise multi-threading, the overhead of testing was 0.025161 seconds.
You can set `force_row_wise=true` to remove the overhead.
And if memory is not enough, you can set `force_col_wise=true`.
[LightGBM] [Info] Total Bins 6191
[LightGBM] [Info] Number of data points in the train set: 37612, number of used features: 2715
[LightGBM] [Info] Start training from score 0.368607
[succeeded] standardized-population-16a7304a201c__split-ba15f9ebc035__mfp_full__lightgbm__r01__f03
[LightGBM] [Info] Auto-choosing row-wise multi-threading, the overhead of testing was 0.025133 seconds.
You can set `force_row_wise=true` to remove the overhead.
And if memory is not enough, you can set `force_col_wise=true`.
[LightGBM] [Info] Total Bins 6191
[LightGBM] [Info] Number of data points in the train set: 37612, number of used features: 2715
[LightGBM] [Info] Start training from score 0.368270
[succeeded] standardized-population-16a7304a201c__split-ba15f9ebc035__mfp_full__lightgbm__r01__f04
[LightGBM] [Info] Auto-choosing row-wise multi-threading, the overhead of testing was 0.025410 seconds.
You can set `force_row_wise=true` to remove the overhead.
And if memory is not enough, you can set `force_col_wise=true`.
[LightGBM] [Info] Total Bins 6191
[LightGBM] [Info] Number of data points in the train set: 37612, number of used features: 2715
[LightGBM] [Info] Start training from score 0.363606
[succeeded] standardized-population-16a7304a201c__split-ba15f9ebc035__mfp_full__lightgbm__r01__f05
[LightGBM] [Info] Auto-choosing row-wise multi-threading, the overhead of testing was 0.025866 seconds.
You can set `force_row_wise=true` to remove the overhead.
And if memory is not enough, you can set `force_col_wise=true`.
[LightGBM] [Info] Total Bins 6191
[LightGBM] [Info] Number of data points in the train set: 37612, number of used features: 2715
[LightGBM] [Info] Start training from score 0.368115
[succeeded] standardized-population-16a7304a201c__split-ba15f9ebc035__mfp_full__lightgbm__r02__f01
[LightGBM] [Info] Auto-choosing row-wise multi-threading, the overhead of testing was 0.024213 seconds.
You can set `force_row_wise=true` to remove the overhead.
And if memory is not enough, you can set `force_col_wise=true`.
[LightGBM] [Info] Total Bins 6191
[LightGBM] [Info] Number of data points in the train set: 37612, number of used features: 2715
[LightGBM] [Info] Start training from score 0.368551
[succeeded] standardized-population-16a7304a201c__split-ba15f9ebc035__mfp_full__lightgbm__r02__f02
[LightGBM] [Info] Auto-choosing row-wise multi-threading, the overhead of testing was 0.025328 seconds.
You can set `force_row_wise=true` to remove the overhead.
And if memory is not enough, you can set `force_col_wise=true`.
[LightGBM] [Info] Total Bins 6191
[LightGBM] [Info] Number of data points in the train set: 37612, number of used features: 2715
[LightGBM] [Info] Start training from score 0.366105
[succeeded] standardized-population-16a7304a201c__split-ba15f9ebc035__mfp_full__lightgbm__r02__f03
[LightGBM] [Info] Auto-choosing row-wise multi-threading, the overhead of testing was 0.042701 seconds.
You can set `force_row_wise=true` to remove the overhead.
And if memory is not enough, you can set `force_col_wise=true`.
[LightGBM] [Info] Total Bins 6191
[LightGBM] [Info] Number of data points in the train set: 37612, number of used features: 2715
[LightGBM] [Info] Start training from score 0.365642
[succeeded] standardized-population-16a7304a201c__split-ba15f9ebc035__mfp_full__lightgbm__r02__f04
[LightGBM] [Info] Auto-choosing row-wise multi-threading, the overhead of testing was 0.026522 seconds.
You can set `force_row_wise=true` to remove the overhead.
And if memory is not enough, you can set `force_col_wise=true`.
[LightGBM] [Info] Total Bins 6191
[LightGBM] [Info] Number of data points in the train set: 37612, number of used features: 2715
[LightGBM] [Info] Start training from score 0.366507
[succeeded] standardized-population-16a7304a201c__split-ba15f9ebc035__mfp_full__lightgbm__r02__f05
[LightGBM] [Info] Auto-choosing row-wise multi-threading, the overhead of testing was 0.025247 seconds.
You can set `force_row_wise=true` to remove the overhead.
And if memory is not enough, you can set `force_col_wise=true`.
[LightGBM] [Info] Total Bins 6191
[LightGBM] [Info] Number of data points in the train set: 37612, number of used features: 2715
[LightGBM] [Info] Start training from score 0.366768
[succeeded] standardized-population-16a7304a201c__split-ba15f9ebc035__mfp_full__lightgbm__r03__f01
[LightGBM] [Info] Auto-choosing col-wise multi-threading, the overhead of testing was 0.043140 seconds.
You can set `force_col_wise=true` to remove the overhead.
[LightGBM] [Info] Total Bins 6191
[LightGBM] [Info] Number of data points in the train set: 37612, number of used features: 2715
[LightGBM] [Info] Start training from score 0.368931
[succeeded] standardized-population-16a7304a201c__split-ba15f9ebc035__mfp_full__lightgbm__r03__f02
[LightGBM] [Info] Auto-choosing row-wise multi-threading, the overhead of testing was 0.025732 seconds.
You can set `force_row_wise=true` to remove the overhead.
And if memory is not enough, you can set `force_col_wise=true`.
[LightGBM] [Info] Total Bins 6191
[LightGBM] [Info] Number of data points in the train set: 37612, number of used features: 2715
[LightGBM] [Info] Start training from score 0.366513
[succeeded] standardized-population-16a7304a201c__split-ba15f9ebc035__mfp_full__lightgbm__r03__f03
[LightGBM] [Info] Auto-choosing row-wise multi-threading, the overhead of testing was 0.025052 seconds.
You can set `force_row_wise=true` to remove the overhead.
And if memory is not enough, you can set `force_col_wise=true`.
[LightGBM] [Info] Total Bins 6191
[LightGBM] [Info] Number of data points in the train set: 37612, number of used features: 2715
[LightGBM] [Info] Start training from score 0.366624
[succeeded] standardized-population-16a7304a201c__split-ba15f9ebc035__mfp_full__lightgbm__r03__f04
[LightGBM] [Info] Auto-choosing row-wise multi-threading, the overhead of testing was 0.027651 seconds.
You can set `force_row_wise=true` to remove the overhead.
And if memory is not enough, you can set `force_col_wise=true`.
[LightGBM] [Info] Total Bins 6191
[LightGBM] [Info] Number of data points in the train set: 37612, number of used features: 2715
[LightGBM] [Info] Start training from score 0.366084
[succeeded] standardized-population-16a7304a201c__split-ba15f9ebc035__mfp_full__lightgbm__r03__f05
[state] {'succeeded': 15, 'interrupted': 0, 'running': 0, 'skipped': 0, 'pending': 0, 'failed': 0, 'total': 15}
[report] /home/wangzh685/桌面/ord-data/YONOD/result/ablation2_formal_mfp_lightgbm_random_repeat_group_full_v1/report/benchmark_report.html

[完成] 严格 benchmark 已成功完成!
