
============================================================
YONOD 数据集输入向导 v1.0
============================================================

欢迎使用YONOD数据集输入向导!
本向导将引导您完成数据集的配置和规范化。
============================================================
步骤1: 指定数据集/配置文件
============================================================

请输入数据集路径(CSV)或配置文件路径(schema-2 YAML): [OK] YAML配置文件: config/pnecessity_utility_liao_ru_oh_insertion_mfp_lightgbm_minus_p_v1.yaml

============================================================
检测到 schema-2 YAML 配置文件，验证中...
============================================================
[OK] 配置文件验证通过
    项目名称: pnecessity_utility_liao_ru_oh_insertion_mfp_lightgbm_minus_p_v1
    阶段: benchmark
    数据集: /home/wangzh685/桌面/ord-data/YONOD/result/pnecessity_utility_prepare_v1/data/liao_ru_oh_insertion.csv

[OK] 配置文件有效,直接启动建模

[启动] 正在通过 yonod.py 运行 manifest_outer_cv strict benchmark...
[split] imported and revalidated external manifest: /home/wangzh685/桌面/ord-data/YONOD/result/pnecessity_utility_prepare_v1/manifests/liao_ru_oh_insertion_non_p_input_split_manifest.parquet
[plan] run_id=liao-ru-oh-insertion-a33cb403e2d7 theoretical_tasks=15 requeued=0 interrupted=0
[phase 1/2] precompute or reuse eligible feature sets
[descriptor:computed] mfp_lightgbm_minus_p -> /home/wangzh685/桌面/ord-data/YONOD/result/pnecessity_utility_liao_ru_oh_insertion_mfp_lightgbm_minus_p_v1/feature/mfp_lightgbm_minus_p.npz
[phase 2/2] folds consume artifacts or fold-local transformers by declared lifecycle
[LightGBM] [Info] Auto-choosing row-wise multi-threading, the overhead of testing was 0.005228 seconds.
You can set `force_row_wise=true` to remove the overhead.
And if memory is not enough, you can set `force_col_wise=true`.
[LightGBM] [Info] Total Bins 1371
[LightGBM] [Info] Number of data points in the train set: 604, number of used features: 609
[LightGBM] [Info] Start training from score 0.404884
[succeeded] liao-ru-oh-insertion-a33cb403e2d7__split-cd3cd8ccf24e__mfp_lightgbm_minus_p__lightgbm__r01__f01
[LightGBM] [Info] Auto-choosing row-wise multi-threading, the overhead of testing was 0.007342 seconds.
You can set `force_row_wise=true` to remove the overhead.
And if memory is not enough, you can set `force_col_wise=true`.
[LightGBM] [Info] Total Bins 1371
[LightGBM] [Info] Number of data points in the train set: 605, number of used features: 609
[LightGBM] [Info] Start training from score 0.404760
[succeeded] liao-ru-oh-insertion-a33cb403e2d7__split-cd3cd8ccf24e__mfp_lightgbm_minus_p__lightgbm__r01__f02
[LightGBM] [Info] Auto-choosing row-wise multi-threading, the overhead of testing was 0.007131 seconds.
You can set `force_row_wise=true` to remove the overhead.
And if memory is not enough, you can set `force_col_wise=true`.
[LightGBM] [Info] Total Bins 1371
[LightGBM] [Info] Number of data points in the train set: 605, number of used features: 609
[LightGBM] [Info] Start training from score 0.406198
[succeeded] liao-ru-oh-insertion-a33cb403e2d7__split-cd3cd8ccf24e__mfp_lightgbm_minus_p__lightgbm__r01__f03
[LightGBM] [Info] Auto-choosing row-wise multi-threading, the overhead of testing was 0.008737 seconds.
You can set `force_row_wise=true` to remove the overhead.
And if memory is not enough, you can set `force_col_wise=true`.
[LightGBM] [Info] Total Bins 1371
[LightGBM] [Info] Number of data points in the train set: 605, number of used features: 609
[LightGBM] [Info] Start training from score 0.405355
[succeeded] liao-ru-oh-insertion-a33cb403e2d7__split-cd3cd8ccf24e__mfp_lightgbm_minus_p__lightgbm__r01__f04
[LightGBM] [Info] Auto-choosing row-wise multi-threading, the overhead of testing was 0.007879 seconds.
You can set `force_row_wise=true` to remove the overhead.
And if memory is not enough, you can set `force_col_wise=true`.
[LightGBM] [Info] Total Bins 1371
[LightGBM] [Info] Number of data points in the train set: 605, number of used features: 609
[LightGBM] [Info] Start training from score 0.407372
[succeeded] liao-ru-oh-insertion-a33cb403e2d7__split-cd3cd8ccf24e__mfp_lightgbm_minus_p__lightgbm__r01__f05
[LightGBM] [Info] Auto-choosing row-wise multi-threading, the overhead of testing was 0.005463 seconds.
You can set `force_row_wise=true` to remove the overhead.
And if memory is not enough, you can set `force_col_wise=true`.
[LightGBM] [Info] Total Bins 1371
[LightGBM] [Info] Number of data points in the train set: 604, number of used features: 609
[LightGBM] [Info] Start training from score 0.405795
[succeeded] liao-ru-oh-insertion-a33cb403e2d7__split-cd3cd8ccf24e__mfp_lightgbm_minus_p__lightgbm__r02__f01
[LightGBM] [Info] Auto-choosing col-wise multi-threading, the overhead of testing was 0.003082 seconds.
You can set `force_col_wise=true` to remove the overhead.
[LightGBM] [Info] Total Bins 1371
[LightGBM] [Info] Number of data points in the train set: 605, number of used features: 609
[LightGBM] [Info] Start training from score 0.412198
[succeeded] liao-ru-oh-insertion-a33cb403e2d7__split-cd3cd8ccf24e__mfp_lightgbm_minus_p__lightgbm__r02__f02
[LightGBM] [Info] Auto-choosing row-wise multi-threading, the overhead of testing was 0.004393 seconds.
You can set `force_row_wise=true` to remove the overhead.
And if memory is not enough, you can set `force_col_wise=true`.
[LightGBM] [Info] Total Bins 1371
[LightGBM] [Info] Number of data points in the train set: 605, number of used features: 609
[LightGBM] [Info] Start training from score 0.411157
[succeeded] liao-ru-oh-insertion-a33cb403e2d7__split-cd3cd8ccf24e__mfp_lightgbm_minus_p__lightgbm__r02__f03
[LightGBM] [Info] Auto-choosing row-wise multi-threading, the overhead of testing was 0.006186 seconds.
You can set `force_row_wise=true` to remove the overhead.
And if memory is not enough, you can set `force_col_wise=true`.
[LightGBM] [Info] Total Bins 1371
[LightGBM] [Info] Number of data points in the train set: 605, number of used features: 609
[LightGBM] [Info] Start training from score 0.405025
[succeeded] liao-ru-oh-insertion-a33cb403e2d7__split-cd3cd8ccf24e__mfp_lightgbm_minus_p__lightgbm__r02__f04
[LightGBM] [Info] Auto-choosing row-wise multi-threading, the overhead of testing was 0.005420 seconds.
You can set `force_row_wise=true` to remove the overhead.
And if memory is not enough, you can set `force_col_wise=true`.
[LightGBM] [Info] Total Bins 1371
[LightGBM] [Info] Number of data points in the train set: 605, number of used features: 609
[LightGBM] [Info] Start training from score 0.394397
[succeeded] liao-ru-oh-insertion-a33cb403e2d7__split-cd3cd8ccf24e__mfp_lightgbm_minus_p__lightgbm__r02__f05
[LightGBM] [Info] Auto-choosing row-wise multi-threading, the overhead of testing was 0.008012 seconds.
You can set `force_row_wise=true` to remove the overhead.
And if memory is not enough, you can set `force_col_wise=true`.
[LightGBM] [Info] Total Bins 1371
[LightGBM] [Info] Number of data points in the train set: 604, number of used features: 609
[LightGBM] [Info] Start training from score 0.406010
[succeeded] liao-ru-oh-insertion-a33cb403e2d7__split-cd3cd8ccf24e__mfp_lightgbm_minus_p__lightgbm__r03__f01
[LightGBM] [Info] Auto-choosing row-wise multi-threading, the overhead of testing was 0.006962 seconds.
You can set `force_row_wise=true` to remove the overhead.
And if memory is not enough, you can set `force_col_wise=true`.
[LightGBM] [Info] Total Bins 1371
[LightGBM] [Info] Number of data points in the train set: 605, number of used features: 609
[LightGBM] [Info] Start training from score 0.409008
[succeeded] liao-ru-oh-insertion-a33cb403e2d7__split-cd3cd8ccf24e__mfp_lightgbm_minus_p__lightgbm__r03__f02
[LightGBM] [Info] Auto-choosing row-wise multi-threading, the overhead of testing was 0.005315 seconds.
You can set `force_row_wise=true` to remove the overhead.
And if memory is not enough, you can set `force_col_wise=true`.
[LightGBM] [Info] Total Bins 1371
[LightGBM] [Info] Number of data points in the train set: 605, number of used features: 609
[LightGBM] [Info] Start training from score 0.406331
[succeeded] liao-ru-oh-insertion-a33cb403e2d7__split-cd3cd8ccf24e__mfp_lightgbm_minus_p__lightgbm__r03__f03
[LightGBM] [Info] Auto-choosing row-wise multi-threading, the overhead of testing was 0.006226 seconds.
You can set `force_row_wise=true` to remove the overhead.
And if memory is not enough, you can set `force_col_wise=true`.
[LightGBM] [Info] Total Bins 1371
[LightGBM] [Info] Number of data points in the train set: 605, number of used features: 609
[LightGBM] [Info] Start training from score 0.399025
[succeeded] liao-ru-oh-insertion-a33cb403e2d7__split-cd3cd8ccf24e__mfp_lightgbm_minus_p__lightgbm__r03__f04
[LightGBM] [Info] Auto-choosing row-wise multi-threading, the overhead of testing was 0.005625 seconds.
You can set `force_row_wise=true` to remove the overhead.
And if memory is not enough, you can set `force_col_wise=true`.
[LightGBM] [Info] Total Bins 1371
[LightGBM] [Info] Number of data points in the train set: 605, number of used features: 609
[LightGBM] [Info] Start training from score 0.408198
[succeeded] liao-ru-oh-insertion-a33cb403e2d7__split-cd3cd8ccf24e__mfp_lightgbm_minus_p__lightgbm__r03__f05
[state] {'pending': 0, 'skipped': 0, 'succeeded': 15, 'interrupted': 0, 'running': 0, 'failed': 0, 'total': 15}
[report] /home/wangzh685/桌面/ord-data/YONOD/result/pnecessity_utility_liao_ru_oh_insertion_mfp_lightgbm_minus_p_v1/report/benchmark_report.html

[完成] 严格 benchmark 已成功完成!
