
============================================================
YONOD 数据集输入向导 v1.0
============================================================

欢迎使用YONOD数据集输入向导!
本向导将引导您完成数据集的配置和规范化。
============================================================
步骤1: 指定数据集/配置文件
============================================================

请输入数据集路径(CSV)或配置文件路径(schema-2 YAML): [OK] YAML配置文件: config/pnecessity_nonstandard_sufex_mfp_lightgbm_minus_p_v1.yaml

============================================================
检测到 schema-2 YAML 配置文件，验证中...
============================================================
[OK] 配置文件验证通过
    项目名称: pnecessity_nonstandard_sufex_mfp_lightgbm_minus_p_v1
    阶段: benchmark
    数据集: /home/wangzh685/桌面/ord-data/YONOD/result/pnecessity_nonstandard_prepare_v1/data/sufex.csv

[OK] 配置文件有效,直接启动建模

[启动] 正在通过 yonod.py 运行 manifest_outer_cv strict benchmark...
[plan] run_id=sufex-b447882b6bff theoretical_tasks=15 requeued=0 interrupted=0
[phase 1/2] precompute or reuse eligible feature sets
[descriptor:computed] mfp_lightgbm_minus_p -> /home/wangzh685/桌面/ord-data/YONOD/result/pnecessity_nonstandard_sufex_mfp_lightgbm_minus_p_v1/feature/sufex-b447882b6bff/descriptors/mfp_lightgbm_minus_p.npz
[phase 2/2] folds consume artifacts or fold-local transformers by declared lifecycle
[LightGBM] [Info] Auto-choosing row-wise multi-threading, the overhead of testing was 0.048426 seconds.
You can set `force_row_wise=true` to remove the overhead.
And if memory is not enough, you can set `force_col_wise=true`.
[LightGBM] [Info] Total Bins 6650
[LightGBM] [Info] Number of data points in the train set: 1697, number of used features: 2725
[LightGBM] [Info] Start training from score 0.618874
[succeeded] sufex-b447882b6bff__split-b8e345bb8d82__mfp_lightgbm_minus_p__lightgbm__r01__f01
[LightGBM] [Info] Auto-choosing col-wise multi-threading, the overhead of testing was 0.047439 seconds.
You can set `force_col_wise=true` to remove the overhead.
[LightGBM] [Info] Total Bins 6644
[LightGBM] [Info] Number of data points in the train set: 1697, number of used features: 2702
[LightGBM] [Info] Start training from score 0.633200
[succeeded] sufex-b447882b6bff__split-b8e345bb8d82__mfp_lightgbm_minus_p__lightgbm__r01__f02
[LightGBM] [Info] Auto-choosing row-wise multi-threading, the overhead of testing was 0.051087 seconds.
You can set `force_row_wise=true` to remove the overhead.
And if memory is not enough, you can set `force_col_wise=true`.
[LightGBM] [Info] Total Bins 6665
[LightGBM] [Info] Number of data points in the train set: 1698, number of used features: 2731
[LightGBM] [Info] Start training from score 0.618080
[succeeded] sufex-b447882b6bff__split-b8e345bb8d82__mfp_lightgbm_minus_p__lightgbm__r01__f03
[LightGBM] [Info] Auto-choosing col-wise multi-threading, the overhead of testing was 0.047474 seconds.
You can set `force_col_wise=true` to remove the overhead.
[LightGBM] [Info] Total Bins 6598
[LightGBM] [Info] Number of data points in the train set: 1698, number of used features: 2684
[LightGBM] [Info] Start training from score 0.626973
[succeeded] sufex-b447882b6bff__split-b8e345bb8d82__mfp_lightgbm_minus_p__lightgbm__r01__f04
[LightGBM] [Info] Auto-choosing row-wise multi-threading, the overhead of testing was 0.050394 seconds.
You can set `force_row_wise=true` to remove the overhead.
And if memory is not enough, you can set `force_col_wise=true`.
[LightGBM] [Info] Total Bins 6605
[LightGBM] [Info] Number of data points in the train set: 1698, number of used features: 2696
[LightGBM] [Info] Start training from score 0.622173
[succeeded] sufex-b447882b6bff__split-b8e345bb8d82__mfp_lightgbm_minus_p__lightgbm__r01__f05
[LightGBM] [Info] Auto-choosing row-wise multi-threading, the overhead of testing was 0.050334 seconds.
You can set `force_row_wise=true` to remove the overhead.
And if memory is not enough, you can set `force_col_wise=true`.
[LightGBM] [Info] Total Bins 6596
[LightGBM] [Info] Number of data points in the train set: 1697, number of used features: 2683
[LightGBM] [Info] Start training from score 0.620418
[succeeded] sufex-b447882b6bff__split-b8e345bb8d82__mfp_lightgbm_minus_p__lightgbm__r02__f01
[LightGBM] [Info] Auto-choosing row-wise multi-threading, the overhead of testing was 0.051093 seconds.
You can set `force_row_wise=true` to remove the overhead.
And if memory is not enough, you can set `force_col_wise=true`.
[LightGBM] [Info] Total Bins 6601
[LightGBM] [Info] Number of data points in the train set: 1697, number of used features: 2702
[LightGBM] [Info] Start training from score 0.615787
[succeeded] sufex-b447882b6bff__split-b8e345bb8d82__mfp_lightgbm_minus_p__lightgbm__r02__f02
[LightGBM] [Info] Auto-choosing row-wise multi-threading, the overhead of testing was 0.050489 seconds.
You can set `force_row_wise=true` to remove the overhead.
And if memory is not enough, you can set `force_col_wise=true`.
[LightGBM] [Info] Total Bins 6710
[LightGBM] [Info] Number of data points in the train set: 1698, number of used features: 2728
[LightGBM] [Info] Start training from score 0.630854
[succeeded] sufex-b447882b6bff__split-b8e345bb8d82__mfp_lightgbm_minus_p__lightgbm__r02__f03
[LightGBM] [Info] Auto-choosing row-wise multi-threading, the overhead of testing was 0.054378 seconds.
You can set `force_row_wise=true` to remove the overhead.
And if memory is not enough, you can set `force_col_wise=true`.
[LightGBM] [Info] Total Bins 6656
[LightGBM] [Info] Number of data points in the train set: 1698, number of used features: 2721
[LightGBM] [Info] Start training from score 0.628251
[succeeded] sufex-b447882b6bff__split-b8e345bb8d82__mfp_lightgbm_minus_p__lightgbm__r02__f04
[LightGBM] [Info] Auto-choosing row-wise multi-threading, the overhead of testing was 0.049917 seconds.
You can set `force_row_wise=true` to remove the overhead.
And if memory is not enough, you can set `force_col_wise=true`.
[LightGBM] [Info] Total Bins 6598
[LightGBM] [Info] Number of data points in the train set: 1698, number of used features: 2701
[LightGBM] [Info] Start training from score 0.623981
[succeeded] sufex-b447882b6bff__split-b8e345bb8d82__mfp_lightgbm_minus_p__lightgbm__r02__f05
[LightGBM] [Info] Auto-choosing row-wise multi-threading, the overhead of testing was 0.049427 seconds.
You can set `force_row_wise=true` to remove the overhead.
And if memory is not enough, you can set `force_col_wise=true`.
[LightGBM] [Info] Total Bins 6606
[LightGBM] [Info] Number of data points in the train set: 1697, number of used features: 2682
[LightGBM] [Info] Start training from score 0.624720
[succeeded] sufex-b447882b6bff__split-b8e345bb8d82__mfp_lightgbm_minus_p__lightgbm__r03__f01
[LightGBM] [Info] Auto-choosing row-wise multi-threading, the overhead of testing was 0.052936 seconds.
You can set `force_row_wise=true` to remove the overhead.
And if memory is not enough, you can set `force_col_wise=true`.
[LightGBM] [Info] Total Bins 6647
[LightGBM] [Info] Number of data points in the train set: 1697, number of used features: 2727
[LightGBM] [Info] Start training from score 0.616824
[succeeded] sufex-b447882b6bff__split-b8e345bb8d82__mfp_lightgbm_minus_p__lightgbm__r03__f02
[LightGBM] [Info] Auto-choosing row-wise multi-threading, the overhead of testing was 0.050164 seconds.
You can set `force_row_wise=true` to remove the overhead.
And if memory is not enough, you can set `force_col_wise=true`.
[LightGBM] [Info] Total Bins 6685
[LightGBM] [Info] Number of data points in the train set: 1698, number of used features: 2732
[LightGBM] [Info] Start training from score 0.624152
[succeeded] sufex-b447882b6bff__split-b8e345bb8d82__mfp_lightgbm_minus_p__lightgbm__r03__f03
[LightGBM] [Info] Auto-choosing row-wise multi-threading, the overhead of testing was 0.049701 seconds.
You can set `force_row_wise=true` to remove the overhead.
And if memory is not enough, you can set `force_col_wise=true`.
[LightGBM] [Info] Total Bins 6659
[LightGBM] [Info] Number of data points in the train set: 1698, number of used features: 2721
[LightGBM] [Info] Start training from score 0.626590
[succeeded] sufex-b447882b6bff__split-b8e345bb8d82__mfp_lightgbm_minus_p__lightgbm__r03__f04
[LightGBM] [Info] Auto-choosing row-wise multi-threading, the overhead of testing was 0.048014 seconds.
You can set `force_row_wise=true` to remove the overhead.
And if memory is not enough, you can set `force_col_wise=true`.
[LightGBM] [Info] Total Bins 6609
[LightGBM] [Info] Number of data points in the train set: 1698, number of used features: 2703
[LightGBM] [Info] Start training from score 0.627008
[succeeded] sufex-b447882b6bff__split-b8e345bb8d82__mfp_lightgbm_minus_p__lightgbm__r03__f05
[state] {'skipped': 0, 'succeeded': 15, 'interrupted': 0, 'pending': 0, 'failed': 0, 'running': 0, 'total': 15}
[report] /home/wangzh685/桌面/ord-data/YONOD/result/pnecessity_nonstandard_sufex_mfp_lightgbm_minus_p_v1/sufex-b447882b6bff/report/benchmark_report.html

[完成] 严格 benchmark 已成功完成!
