
============================================================
YONOD 数据集输入向导 v1.0
============================================================

欢迎使用YONOD数据集输入向导!
本向导将引导您完成数据集的配置和规范化。
============================================================
步骤1: 指定数据集/配置文件
============================================================

请输入数据集路径(CSV)或配置文件路径(schema-2 YAML): [OK] YAML配置文件: config/pnecessity_utility_liao_rh_ch_amidation_mfp_lightgbm_full_v1.yaml

============================================================
检测到 schema-2 YAML 配置文件，验证中...
============================================================
[OK] 配置文件验证通过
    项目名称: pnecessity_utility_liao_rh_ch_amidation_mfp_lightgbm_full_v1
    阶段: benchmark
    数据集: /home/wangzh685/桌面/ord-data/YONOD/result/pnecessity_utility_prepare_v1/data/liao_rh_ch_amidation.csv

[OK] 配置文件有效,直接启动建模

[启动] 正在通过 yonod.py 运行 manifest_outer_cv strict benchmark...
[split] imported and revalidated external manifest: /home/wangzh685/桌面/ord-data/YONOD/result/pnecessity_utility_prepare_v1/manifests/liao_rh_ch_amidation_non_p_input_split_manifest.parquet
[plan] run_id=liao-rh-ch-amidation-6d81a08f620d theoretical_tasks=15 requeued=0 interrupted=0
[phase 1/2] precompute or reuse eligible feature sets
[descriptor:computed] mfp_lightgbm_full -> /home/wangzh685/桌面/ord-data/YONOD/result/pnecessity_utility_liao_rh_ch_amidation_mfp_lightgbm_full_v1/feature/mfp_lightgbm_full.npz
[phase 2/2] folds consume artifacts or fold-local transformers by declared lifecycle
[LightGBM] [Info] Auto-choosing row-wise multi-threading, the overhead of testing was 0.026726 seconds.
You can set `force_row_wise=true` to remove the overhead.
And if memory is not enough, you can set `force_col_wise=true`.
[LightGBM] [Info] Total Bins 3031
[LightGBM] [Info] Number of data points in the train set: 800, number of used features: 1323
[LightGBM] [Info] Start training from score 0.237475
[succeeded] liao-rh-ch-amidation-6d81a08f620d__split-b74a2f8d8950__mfp_lightgbm_full__lightgbm__r01__f01
[LightGBM] [Info] Auto-choosing row-wise multi-threading, the overhead of testing was 0.015942 seconds.
You can set `force_row_wise=true` to remove the overhead.
And if memory is not enough, you can set `force_col_wise=true`.
[LightGBM] [Info] Total Bins 3027
[LightGBM] [Info] Number of data points in the train set: 800, number of used features: 1324
[LightGBM] [Info] Start training from score 0.240150
[succeeded] liao-rh-ch-amidation-6d81a08f620d__split-b74a2f8d8950__mfp_lightgbm_full__lightgbm__r01__f02
[LightGBM] [Info] Auto-choosing row-wise multi-threading, the overhead of testing was 0.018905 seconds.
You can set `force_row_wise=true` to remove the overhead.
And if memory is not enough, you can set `force_col_wise=true`.
[LightGBM] [Info] Total Bins 3031
[LightGBM] [Info] Number of data points in the train set: 800, number of used features: 1325
[LightGBM] [Info] Start training from score 0.241337
[succeeded] liao-rh-ch-amidation-6d81a08f620d__split-b74a2f8d8950__mfp_lightgbm_full__lightgbm__r01__f03
[LightGBM] [Info] Auto-choosing row-wise multi-threading, the overhead of testing was 0.017454 seconds.
You can set `force_row_wise=true` to remove the overhead.
And if memory is not enough, you can set `force_col_wise=true`.
[LightGBM] [Info] Total Bins 3032
[LightGBM] [Info] Number of data points in the train set: 800, number of used features: 1324
[LightGBM] [Info] Start training from score 0.241325
[succeeded] liao-rh-ch-amidation-6d81a08f620d__split-b74a2f8d8950__mfp_lightgbm_full__lightgbm__r01__f04
[LightGBM] [Info] Auto-choosing row-wise multi-threading, the overhead of testing was 0.020635 seconds.
You can set `force_row_wise=true` to remove the overhead.
And if memory is not enough, you can set `force_col_wise=true`.
[LightGBM] [Info] Total Bins 3017
[LightGBM] [Info] Number of data points in the train set: 800, number of used features: 1311
[LightGBM] [Info] Start training from score 0.239963
[succeeded] liao-rh-ch-amidation-6d81a08f620d__split-b74a2f8d8950__mfp_lightgbm_full__lightgbm__r01__f05
[LightGBM] [Info] Auto-choosing row-wise multi-threading, the overhead of testing was 0.014328 seconds.
You can set `force_row_wise=true` to remove the overhead.
And if memory is not enough, you can set `force_col_wise=true`.
[LightGBM] [Info] Total Bins 3036
[LightGBM] [Info] Number of data points in the train set: 800, number of used features: 1325
[LightGBM] [Info] Start training from score 0.242300
[succeeded] liao-rh-ch-amidation-6d81a08f620d__split-b74a2f8d8950__mfp_lightgbm_full__lightgbm__r02__f01
[LightGBM] [Info] Auto-choosing row-wise multi-threading, the overhead of testing was 0.014951 seconds.
You can set `force_row_wise=true` to remove the overhead.
And if memory is not enough, you can set `force_col_wise=true`.
[LightGBM] [Info] Total Bins 3034
[LightGBM] [Info] Number of data points in the train set: 800, number of used features: 1325
[LightGBM] [Info] Start training from score 0.238837
[succeeded] liao-rh-ch-amidation-6d81a08f620d__split-b74a2f8d8950__mfp_lightgbm_full__lightgbm__r02__f02
[LightGBM] [Info] Auto-choosing row-wise multi-threading, the overhead of testing was 0.018547 seconds.
You can set `force_row_wise=true` to remove the overhead.
And if memory is not enough, you can set `force_col_wise=true`.
[LightGBM] [Info] Total Bins 3025
[LightGBM] [Info] Number of data points in the train set: 800, number of used features: 1321
[LightGBM] [Info] Start training from score 0.237638
[succeeded] liao-rh-ch-amidation-6d81a08f620d__split-b74a2f8d8950__mfp_lightgbm_full__lightgbm__r02__f03
[LightGBM] [Info] Auto-choosing row-wise multi-threading, the overhead of testing was 0.014222 seconds.
You can set `force_row_wise=true` to remove the overhead.
And if memory is not enough, you can set `force_col_wise=true`.
[LightGBM] [Info] Total Bins 3037
[LightGBM] [Info] Number of data points in the train set: 800, number of used features: 1326
[LightGBM] [Info] Start training from score 0.241400
[succeeded] liao-rh-ch-amidation-6d81a08f620d__split-b74a2f8d8950__mfp_lightgbm_full__lightgbm__r02__f04
[LightGBM] [Info] Auto-choosing row-wise multi-threading, the overhead of testing was 0.021060 seconds.
You can set `force_row_wise=true` to remove the overhead.
And if memory is not enough, you can set `force_col_wise=true`.
[LightGBM] [Info] Total Bins 3016
[LightGBM] [Info] Number of data points in the train set: 800, number of used features: 1314
[LightGBM] [Info] Start training from score 0.240075
[succeeded] liao-rh-ch-amidation-6d81a08f620d__split-b74a2f8d8950__mfp_lightgbm_full__lightgbm__r02__f05
[LightGBM] [Info] Auto-choosing row-wise multi-threading, the overhead of testing was 0.016788 seconds.
You can set `force_row_wise=true` to remove the overhead.
And if memory is not enough, you can set `force_col_wise=true`.
[LightGBM] [Info] Total Bins 3040
[LightGBM] [Info] Number of data points in the train set: 800, number of used features: 1327
[LightGBM] [Info] Start training from score 0.237663
[succeeded] liao-rh-ch-amidation-6d81a08f620d__split-b74a2f8d8950__mfp_lightgbm_full__lightgbm__r03__f01
[LightGBM] [Info] Auto-choosing row-wise multi-threading, the overhead of testing was 0.015252 seconds.
You can set `force_row_wise=true` to remove the overhead.
And if memory is not enough, you can set `force_col_wise=true`.
[LightGBM] [Info] Total Bins 3032
[LightGBM] [Info] Number of data points in the train set: 800, number of used features: 1323
[LightGBM] [Info] Start training from score 0.240100
[succeeded] liao-rh-ch-amidation-6d81a08f620d__split-b74a2f8d8950__mfp_lightgbm_full__lightgbm__r03__f02
[LightGBM] [Info] Auto-choosing row-wise multi-threading, the overhead of testing was 0.014154 seconds.
You can set `force_row_wise=true` to remove the overhead.
And if memory is not enough, you can set `force_col_wise=true`.
[LightGBM] [Info] Total Bins 3014
[LightGBM] [Info] Number of data points in the train set: 800, number of used features: 1320
[LightGBM] [Info] Start training from score 0.239662
[succeeded] liao-rh-ch-amidation-6d81a08f620d__split-b74a2f8d8950__mfp_lightgbm_full__lightgbm__r03__f03
[LightGBM] [Info] Auto-choosing row-wise multi-threading, the overhead of testing was 0.014565 seconds.
You can set `force_row_wise=true` to remove the overhead.
And if memory is not enough, you can set `force_col_wise=true`.
[LightGBM] [Info] Total Bins 3039
[LightGBM] [Info] Number of data points in the train set: 800, number of used features: 1325
[LightGBM] [Info] Start training from score 0.238063
[succeeded] liao-rh-ch-amidation-6d81a08f620d__split-b74a2f8d8950__mfp_lightgbm_full__lightgbm__r03__f04
[LightGBM] [Info] Auto-choosing row-wise multi-threading, the overhead of testing was 0.015426 seconds.
You can set `force_row_wise=true` to remove the overhead.
And if memory is not enough, you can set `force_col_wise=true`.
[LightGBM] [Info] Total Bins 3028
[LightGBM] [Info] Number of data points in the train set: 800, number of used features: 1317
[LightGBM] [Info] Start training from score 0.244762
[succeeded] liao-rh-ch-amidation-6d81a08f620d__split-b74a2f8d8950__mfp_lightgbm_full__lightgbm__r03__f05
[state] {'failed': 0, 'running': 0, 'skipped': 0, 'succeeded': 15, 'interrupted': 0, 'pending': 0, 'total': 15}
[report] /home/wangzh685/桌面/ord-data/YONOD/result/pnecessity_utility_liao_rh_ch_amidation_mfp_lightgbm_full_v1/report/benchmark_report.html

[完成] 严格 benchmark 已成功完成!
