
============================================================
YONOD 数据集输入向导 v1.0
============================================================

欢迎使用YONOD数据集输入向导!
本向导将引导您完成数据集的配置和规范化。
============================================================
步骤1: 指定数据集/配置文件
============================================================

请输入数据集路径(CSV)或配置文件路径(schema-2 YAML): [OK] YAML配置文件: config/pnecessity_utility_ord_ahneman_mfp_lightgbm_full_v1.yaml

============================================================
检测到 schema-2 YAML 配置文件，验证中...
============================================================
[OK] 配置文件验证通过
    项目名称: pnecessity_utility_ord_ahneman_mfp_lightgbm_full_v1
    阶段: benchmark
    数据集: /home/wangzh685/桌面/ord-data/YONOD/result/pnecessity_utility_prepare_v1/data/ord_ahneman.csv

[OK] 配置文件有效,直接启动建模

[启动] 正在通过 yonod.py 运行 manifest_outer_cv strict benchmark...
[split] imported and revalidated external manifest: /home/wangzh685/桌面/ord-data/YONOD/result/pnecessity_utility_prepare_v1/manifests/ord_ahneman_non_p_input_split_manifest.parquet
[plan] run_id=ord-ahneman-7d90d526a253 theoretical_tasks=15 requeued=0 interrupted=0
[phase 1/2] precompute or reuse eligible feature sets
[descriptor:computed] mfp_lightgbm_full -> /home/wangzh685/桌面/ord-data/YONOD/result/pnecessity_utility_ord_ahneman_mfp_lightgbm_full_v1/feature/mfp_lightgbm_full.npz
[phase 2/2] folds consume artifacts or fold-local transformers by declared lifecycle
[LightGBM] [Info] Auto-choosing row-wise multi-threading, the overhead of testing was 0.011707 seconds.
You can set `force_row_wise=true` to remove the overhead.
And if memory is not enough, you can set `force_col_wise=true`.
[LightGBM] [Info] Total Bins 1360
[LightGBM] [Info] Number of data points in the train set: 3449, number of used features: 634
[LightGBM] [Info] Start training from score 0.329598
[succeeded] ord-ahneman-7d90d526a253__split-4d799b322ebf__mfp_lightgbm_full__lightgbm__r01__f01
[LightGBM] [Info] Auto-choosing row-wise multi-threading, the overhead of testing was 0.010418 seconds.
You can set `force_row_wise=true` to remove the overhead.
And if memory is not enough, you can set `force_col_wise=true`.
[LightGBM] [Info] Total Bins 1360
[LightGBM] [Info] Number of data points in the train set: 3449, number of used features: 634
[LightGBM] [Info] Start training from score 0.331501
[succeeded] ord-ahneman-7d90d526a253__split-4d799b322ebf__mfp_lightgbm_full__lightgbm__r01__f02
[LightGBM] [Info] Auto-choosing row-wise multi-threading, the overhead of testing was 0.016033 seconds.
You can set `force_row_wise=true` to remove the overhead.
And if memory is not enough, you can set `force_col_wise=true`.
[LightGBM] [Info] Total Bins 1360
[LightGBM] [Info] Number of data points in the train set: 3450, number of used features: 634
[LightGBM] [Info] Start training from score 0.328632
[succeeded] ord-ahneman-7d90d526a253__split-4d799b322ebf__mfp_lightgbm_full__lightgbm__r01__f03
[LightGBM] [Info] Auto-choosing row-wise multi-threading, the overhead of testing was 0.011336 seconds.
You can set `force_row_wise=true` to remove the overhead.
And if memory is not enough, you can set `force_col_wise=true`.
[LightGBM] [Info] Total Bins 1360
[LightGBM] [Info] Number of data points in the train set: 3450, number of used features: 634
[LightGBM] [Info] Start training from score 0.328079
[succeeded] ord-ahneman-7d90d526a253__split-4d799b322ebf__mfp_lightgbm_full__lightgbm__r01__f04
[LightGBM] [Info] Auto-choosing row-wise multi-threading, the overhead of testing was 0.004724 seconds.
You can set `force_row_wise=true` to remove the overhead.
And if memory is not enough, you can set `force_col_wise=true`.
[LightGBM] [Info] Total Bins 1360
[LightGBM] [Info] Number of data points in the train set: 3450, number of used features: 634
[LightGBM] [Info] Start training from score 0.328347
[succeeded] ord-ahneman-7d90d526a253__split-4d799b322ebf__mfp_lightgbm_full__lightgbm__r01__f05
[LightGBM] [Info] Auto-choosing row-wise multi-threading, the overhead of testing was 0.005199 seconds.
You can set `force_row_wise=true` to remove the overhead.
And if memory is not enough, you can set `force_col_wise=true`.
[LightGBM] [Info] Total Bins 1360
[LightGBM] [Info] Number of data points in the train set: 3449, number of used features: 634
[LightGBM] [Info] Start training from score 0.325435
[succeeded] ord-ahneman-7d90d526a253__split-4d799b322ebf__mfp_lightgbm_full__lightgbm__r02__f01
[LightGBM] [Info] Auto-choosing row-wise multi-threading, the overhead of testing was 0.006079 seconds.
You can set `force_row_wise=true` to remove the overhead.
And if memory is not enough, you can set `force_col_wise=true`.
[LightGBM] [Info] Total Bins 1360
[LightGBM] [Info] Number of data points in the train set: 3449, number of used features: 634
[LightGBM] [Info] Start training from score 0.330321
[succeeded] ord-ahneman-7d90d526a253__split-4d799b322ebf__mfp_lightgbm_full__lightgbm__r02__f02
[LightGBM] [Info] Auto-choosing row-wise multi-threading, the overhead of testing was 0.010194 seconds.
You can set `force_row_wise=true` to remove the overhead.
And if memory is not enough, you can set `force_col_wise=true`.
[LightGBM] [Info] Total Bins 1360
[LightGBM] [Info] Number of data points in the train set: 3450, number of used features: 634
[LightGBM] [Info] Start training from score 0.328644
[succeeded] ord-ahneman-7d90d526a253__split-4d799b322ebf__mfp_lightgbm_full__lightgbm__r02__f03
[LightGBM] [Info] Auto-choosing row-wise multi-threading, the overhead of testing was 0.004069 seconds.
You can set `force_row_wise=true` to remove the overhead.
And if memory is not enough, you can set `force_col_wise=true`.
[LightGBM] [Info] Total Bins 1360
[LightGBM] [Info] Number of data points in the train set: 3450, number of used features: 634
[LightGBM] [Info] Start training from score 0.329379
[succeeded] ord-ahneman-7d90d526a253__split-4d799b322ebf__mfp_lightgbm_full__lightgbm__r02__f04
[LightGBM] [Info] Auto-choosing row-wise multi-threading, the overhead of testing was 0.003776 seconds.
You can set `force_row_wise=true` to remove the overhead.
And if memory is not enough, you can set `force_col_wise=true`.
[LightGBM] [Info] Total Bins 1360
[LightGBM] [Info] Number of data points in the train set: 3450, number of used features: 634
[LightGBM] [Info] Start training from score 0.332376
[succeeded] ord-ahneman-7d90d526a253__split-4d799b322ebf__mfp_lightgbm_full__lightgbm__r02__f05
[LightGBM] [Info] Auto-choosing row-wise multi-threading, the overhead of testing was 0.005471 seconds.
You can set `force_row_wise=true` to remove the overhead.
And if memory is not enough, you can set `force_col_wise=true`.
[LightGBM] [Info] Total Bins 1360
[LightGBM] [Info] Number of data points in the train set: 3449, number of used features: 634
[LightGBM] [Info] Start training from score 0.329928
[succeeded] ord-ahneman-7d90d526a253__split-4d799b322ebf__mfp_lightgbm_full__lightgbm__r03__f01
[LightGBM] [Info] Auto-choosing row-wise multi-threading, the overhead of testing was 0.005796 seconds.
You can set `force_row_wise=true` to remove the overhead.
And if memory is not enough, you can set `force_col_wise=true`.
[LightGBM] [Info] Total Bins 1360
[LightGBM] [Info] Number of data points in the train set: 3449, number of used features: 634
[LightGBM] [Info] Start training from score 0.331882
[succeeded] ord-ahneman-7d90d526a253__split-4d799b322ebf__mfp_lightgbm_full__lightgbm__r03__f02
[LightGBM] [Info] Auto-choosing row-wise multi-threading, the overhead of testing was 0.003667 seconds.
You can set `force_row_wise=true` to remove the overhead.
And if memory is not enough, you can set `force_col_wise=true`.
[LightGBM] [Info] Total Bins 1360
[LightGBM] [Info] Number of data points in the train set: 3450, number of used features: 634
[LightGBM] [Info] Start training from score 0.327616
[succeeded] ord-ahneman-7d90d526a253__split-4d799b322ebf__mfp_lightgbm_full__lightgbm__r03__f03
[LightGBM] [Info] Auto-choosing row-wise multi-threading, the overhead of testing was 0.015562 seconds.
You can set `force_row_wise=true` to remove the overhead.
And if memory is not enough, you can set `force_col_wise=true`.
[LightGBM] [Info] Total Bins 1360
[LightGBM] [Info] Number of data points in the train set: 3450, number of used features: 634
[LightGBM] [Info] Start training from score 0.326505
[succeeded] ord-ahneman-7d90d526a253__split-4d799b322ebf__mfp_lightgbm_full__lightgbm__r03__f04
[LightGBM] [Info] Auto-choosing col-wise multi-threading, the overhead of testing was 0.002905 seconds.
You can set `force_col_wise=true` to remove the overhead.
[LightGBM] [Info] Total Bins 1360
[LightGBM] [Info] Number of data points in the train set: 3450, number of used features: 634
[LightGBM] [Info] Start training from score 0.330226
[succeeded] ord-ahneman-7d90d526a253__split-4d799b322ebf__mfp_lightgbm_full__lightgbm__r03__f05
[state] {'skipped': 0, 'failed': 0, 'succeeded': 15, 'pending': 0, 'running': 0, 'interrupted': 0, 'total': 15}
[report] /home/wangzh685/桌面/ord-data/YONOD/result/pnecessity_utility_ord_ahneman_mfp_lightgbm_full_v1/report/benchmark_report.html

[完成] 严格 benchmark 已成功完成!
