
============================================================
YONOD 数据集输入向导 v1.0
============================================================

欢迎使用YONOD数据集输入向导!
本向导将引导您完成数据集的配置和规范化。
============================================================
步骤1: 指定数据集/配置文件
============================================================

请输入数据集路径(CSV)或配置文件路径(schema-2 YAML): [OK] YAML配置文件: config/pnecessity_utility_ord_suzuki_mfp_lightgbm_minus_p_v1.yaml

============================================================
检测到 schema-2 YAML 配置文件，验证中...
============================================================
[OK] 配置文件验证通过
    项目名称: pnecessity_utility_ord_suzuki_mfp_lightgbm_minus_p_v1
    阶段: benchmark
    数据集: /home/wangzh685/桌面/ord-data/YONOD/result/pnecessity_utility_prepare_v1/data/ord_suzuki.csv

[OK] 配置文件有效,直接启动建模

[启动] 正在通过 yonod.py 运行 manifest_outer_cv strict benchmark...
[split] imported and revalidated external manifest: /home/wangzh685/桌面/ord-data/YONOD/result/pnecessity_utility_prepare_v1/manifests/ord_suzuki_non_p_input_split_manifest.parquet
[plan] run_id=ord-suzuki-6c55903ac767 theoretical_tasks=15 requeued=0 interrupted=0
[phase 1/2] precompute or reuse eligible feature sets
[descriptor:computed] mfp_lightgbm_minus_p -> /home/wangzh685/桌面/ord-data/YONOD/result/pnecessity_utility_ord_suzuki_mfp_lightgbm_minus_p_v1/feature/mfp_lightgbm_minus_p.npz
[phase 2/2] folds consume artifacts or fold-local transformers by declared lifecycle
[LightGBM] [Info] Auto-choosing row-wise multi-threading, the overhead of testing was 0.008604 seconds.
You can set `force_row_wise=true` to remove the overhead.
And if memory is not enough, you can set `force_col_wise=true`.
[LightGBM] [Info] Total Bins 1109
[LightGBM] [Info] Number of data points in the train set: 4608, number of used features: 511
[LightGBM] [Info] Start training from score 0.401016
[succeeded] ord-suzuki-6c55903ac767__split-4155f522d0bd__mfp_lightgbm_minus_p__lightgbm__r01__f01
[LightGBM] [Info] Auto-choosing row-wise multi-threading, the overhead of testing was 0.008158 seconds.
You can set `force_row_wise=true` to remove the overhead.
And if memory is not enough, you can set `force_col_wise=true`.
[LightGBM] [Info] Total Bins 1109
[LightGBM] [Info] Number of data points in the train set: 4608, number of used features: 511
[LightGBM] [Info] Start training from score 0.401980
[succeeded] ord-suzuki-6c55903ac767__split-4155f522d0bd__mfp_lightgbm_minus_p__lightgbm__r01__f02
[LightGBM] [Info] Auto-choosing row-wise multi-threading, the overhead of testing was 0.007225 seconds.
You can set `force_row_wise=true` to remove the overhead.
And if memory is not enough, you can set `force_col_wise=true`.
[LightGBM] [Info] Total Bins 1109
[LightGBM] [Info] Number of data points in the train set: 4608, number of used features: 511
[LightGBM] [Info] Start training from score 0.403268
[succeeded] ord-suzuki-6c55903ac767__split-4155f522d0bd__mfp_lightgbm_minus_p__lightgbm__r01__f03
[LightGBM] [Info] Auto-choosing col-wise multi-threading, the overhead of testing was 0.006064 seconds.
You can set `force_col_wise=true` to remove the overhead.
[LightGBM] [Info] Total Bins 1109
[LightGBM] [Info] Number of data points in the train set: 4608, number of used features: 511
[LightGBM] [Info] Start training from score 0.400132
[succeeded] ord-suzuki-6c55903ac767__split-4155f522d0bd__mfp_lightgbm_minus_p__lightgbm__r01__f04
[LightGBM] [Info] Auto-choosing row-wise multi-threading, the overhead of testing was 0.010756 seconds.
You can set `force_row_wise=true` to remove the overhead.
And if memory is not enough, you can set `force_col_wise=true`.
[LightGBM] [Info] Total Bins 1109
[LightGBM] [Info] Number of data points in the train set: 4608, number of used features: 511
[LightGBM] [Info] Start training from score 0.399075
[succeeded] ord-suzuki-6c55903ac767__split-4155f522d0bd__mfp_lightgbm_minus_p__lightgbm__r01__f05
[LightGBM] [Info] Auto-choosing row-wise multi-threading, the overhead of testing was 0.007442 seconds.
You can set `force_row_wise=true` to remove the overhead.
And if memory is not enough, you can set `force_col_wise=true`.
[LightGBM] [Info] Total Bins 1109
[LightGBM] [Info] Number of data points in the train set: 4608, number of used features: 511
[LightGBM] [Info] Start training from score 0.402459
[succeeded] ord-suzuki-6c55903ac767__split-4155f522d0bd__mfp_lightgbm_minus_p__lightgbm__r02__f01
[LightGBM] [Info] Auto-choosing row-wise multi-threading, the overhead of testing was 0.013692 seconds.
You can set `force_row_wise=true` to remove the overhead.
And if memory is not enough, you can set `force_col_wise=true`.
[LightGBM] [Info] Total Bins 1109
[LightGBM] [Info] Number of data points in the train set: 4608, number of used features: 511
[LightGBM] [Info] Start training from score 0.398566
[succeeded] ord-suzuki-6c55903ac767__split-4155f522d0bd__mfp_lightgbm_minus_p__lightgbm__r02__f02
[LightGBM] [Info] Auto-choosing col-wise multi-threading, the overhead of testing was 0.006362 seconds.
You can set `force_col_wise=true` to remove the overhead.
[LightGBM] [Info] Total Bins 1109
[LightGBM] [Info] Number of data points in the train set: 4608, number of used features: 511
[LightGBM] [Info] Start training from score 0.402992
[succeeded] ord-suzuki-6c55903ac767__split-4155f522d0bd__mfp_lightgbm_minus_p__lightgbm__r02__f03
[LightGBM] [Info] Auto-choosing row-wise multi-threading, the overhead of testing was 0.006988 seconds.
You can set `force_row_wise=true` to remove the overhead.
And if memory is not enough, you can set `force_col_wise=true`.
[LightGBM] [Info] Total Bins 1109
[LightGBM] [Info] Number of data points in the train set: 4608, number of used features: 511
[LightGBM] [Info] Start training from score 0.402979
[succeeded] ord-suzuki-6c55903ac767__split-4155f522d0bd__mfp_lightgbm_minus_p__lightgbm__r02__f04
[LightGBM] [Info] Auto-choosing row-wise multi-threading, the overhead of testing was 0.006393 seconds.
You can set `force_row_wise=true` to remove the overhead.
And if memory is not enough, you can set `force_col_wise=true`.
[LightGBM] [Info] Total Bins 1109
[LightGBM] [Info] Number of data points in the train set: 4608, number of used features: 511
[LightGBM] [Info] Start training from score 0.398476
[succeeded] ord-suzuki-6c55903ac767__split-4155f522d0bd__mfp_lightgbm_minus_p__lightgbm__r02__f05
[LightGBM] [Info] Auto-choosing row-wise multi-threading, the overhead of testing was 0.006945 seconds.
You can set `force_row_wise=true` to remove the overhead.
And if memory is not enough, you can set `force_col_wise=true`.
[LightGBM] [Info] Total Bins 1109
[LightGBM] [Info] Number of data points in the train set: 4608, number of used features: 511
[LightGBM] [Info] Start training from score 0.402412
[succeeded] ord-suzuki-6c55903ac767__split-4155f522d0bd__mfp_lightgbm_minus_p__lightgbm__r03__f01
[LightGBM] [Info] Auto-choosing row-wise multi-threading, the overhead of testing was 0.007872 seconds.
You can set `force_row_wise=true` to remove the overhead.
And if memory is not enough, you can set `force_col_wise=true`.
[LightGBM] [Info] Total Bins 1109
[LightGBM] [Info] Number of data points in the train set: 4608, number of used features: 511
[LightGBM] [Info] Start training from score 0.401524
[succeeded] ord-suzuki-6c55903ac767__split-4155f522d0bd__mfp_lightgbm_minus_p__lightgbm__r03__f02
[LightGBM] [Info] Auto-choosing row-wise multi-threading, the overhead of testing was 0.009250 seconds.
You can set `force_row_wise=true` to remove the overhead.
And if memory is not enough, you can set `force_col_wise=true`.
[LightGBM] [Info] Total Bins 1109
[LightGBM] [Info] Number of data points in the train set: 4608, number of used features: 511
[LightGBM] [Info] Start training from score 0.398764
[succeeded] ord-suzuki-6c55903ac767__split-4155f522d0bd__mfp_lightgbm_minus_p__lightgbm__r03__f03
[LightGBM] [Info] Auto-choosing row-wise multi-threading, the overhead of testing was 0.009082 seconds.
You can set `force_row_wise=true` to remove the overhead.
And if memory is not enough, you can set `force_col_wise=true`.
[LightGBM] [Info] Total Bins 1109
[LightGBM] [Info] Number of data points in the train set: 4608, number of used features: 511
[LightGBM] [Info] Start training from score 0.401050
[succeeded] ord-suzuki-6c55903ac767__split-4155f522d0bd__mfp_lightgbm_minus_p__lightgbm__r03__f04
[LightGBM] [Info] Auto-choosing row-wise multi-threading, the overhead of testing was 0.007819 seconds.
You can set `force_row_wise=true` to remove the overhead.
And if memory is not enough, you can set `force_col_wise=true`.
[LightGBM] [Info] Total Bins 1109
[LightGBM] [Info] Number of data points in the train set: 4608, number of used features: 511
[LightGBM] [Info] Start training from score 0.401723
[succeeded] ord-suzuki-6c55903ac767__split-4155f522d0bd__mfp_lightgbm_minus_p__lightgbm__r03__f05
[state] {'failed': 0, 'skipped': 0, 'interrupted': 0, 'succeeded': 15, 'pending': 0, 'running': 0, 'total': 15}
[report] /home/wangzh685/桌面/ord-data/YONOD/result/pnecessity_utility_ord_suzuki_mfp_lightgbm_minus_p_v1/report/benchmark_report.html

[完成] 严格 benchmark 已成功完成!
