
============================================================
YONOD 数据集输入向导 v1.0
============================================================

欢迎使用YONOD数据集输入向导!
本向导将引导您完成数据集的配置和规范化。
============================================================
步骤1: 指定数据集/配置文件
============================================================

请输入数据集路径(CSV)或配置文件路径(schema-2 YAML): [OK] YAML配置文件: config/pnecessity_nonstandard_sufex_mfp_lightgbm_full_v1.yaml

============================================================
检测到 schema-2 YAML 配置文件，验证中...
============================================================
[OK] 配置文件验证通过
    项目名称: pnecessity_nonstandard_sufex_mfp_lightgbm_full_v1
    阶段: benchmark
    数据集: /home/wangzh685/桌面/ord-data/YONOD/result/pnecessity_nonstandard_prepare_v1/data/sufex.csv

[OK] 配置文件有效,直接启动建模

[启动] 正在通过 yonod.py 运行 manifest_outer_cv strict benchmark...
[plan] run_id=sufex-43f947cae651 theoretical_tasks=15 requeued=0 interrupted=0
[phase 1/2] precompute or reuse eligible feature sets
[descriptor:computed] mfp_lightgbm_full -> /home/wangzh685/桌面/ord-data/YONOD/result/pnecessity_nonstandard_sufex_mfp_lightgbm_full_v1/feature/sufex-43f947cae651/descriptors/mfp_lightgbm_full.npz
[phase 2/2] folds consume artifacts or fold-local transformers by declared lifecycle
[LightGBM] [Info] Auto-choosing row-wise multi-threading, the overhead of testing was 0.068657 seconds.
You can set `force_row_wise=true` to remove the overhead.
And if memory is not enough, you can set `force_col_wise=true`.
[LightGBM] [Info] Total Bins 9548
[LightGBM] [Info] Number of data points in the train set: 1697, number of used features: 3749
[LightGBM] [Info] Start training from score 0.618874
[succeeded] sufex-43f947cae651__split-6f58a5f8ef63__mfp_lightgbm_full__lightgbm__r01__f01
[LightGBM] [Info] Auto-choosing row-wise multi-threading, the overhead of testing was 0.068264 seconds.
You can set `force_row_wise=true` to remove the overhead.
And if memory is not enough, you can set `force_col_wise=true`.
[LightGBM] [Info] Total Bins 9577
[LightGBM] [Info] Number of data points in the train set: 1697, number of used features: 3726
[LightGBM] [Info] Start training from score 0.633200
[succeeded] sufex-43f947cae651__split-6f58a5f8ef63__mfp_lightgbm_full__lightgbm__r01__f02
[LightGBM] [Info] Auto-choosing row-wise multi-threading, the overhead of testing was 0.069407 seconds.
You can set `force_row_wise=true` to remove the overhead.
And if memory is not enough, you can set `force_col_wise=true`.
[LightGBM] [Info] Total Bins 9588
[LightGBM] [Info] Number of data points in the train set: 1698, number of used features: 3755
[LightGBM] [Info] Start training from score 0.618080
[succeeded] sufex-43f947cae651__split-6f58a5f8ef63__mfp_lightgbm_full__lightgbm__r01__f03
[LightGBM] [Info] Auto-choosing row-wise multi-threading, the overhead of testing was 0.068145 seconds.
You can set `force_row_wise=true` to remove the overhead.
And if memory is not enough, you can set `force_col_wise=true`.
[LightGBM] [Info] Total Bins 9531
[LightGBM] [Info] Number of data points in the train set: 1698, number of used features: 3708
[LightGBM] [Info] Start training from score 0.626973
[succeeded] sufex-43f947cae651__split-6f58a5f8ef63__mfp_lightgbm_full__lightgbm__r01__f04
[LightGBM] [Info] Auto-choosing row-wise multi-threading, the overhead of testing was 0.066224 seconds.
You can set `force_row_wise=true` to remove the overhead.
And if memory is not enough, you can set `force_col_wise=true`.
[LightGBM] [Info] Total Bins 9542
[LightGBM] [Info] Number of data points in the train set: 1698, number of used features: 3720
[LightGBM] [Info] Start training from score 0.622173
[succeeded] sufex-43f947cae651__split-6f58a5f8ef63__mfp_lightgbm_full__lightgbm__r01__f05
[LightGBM] [Info] Auto-choosing row-wise multi-threading, the overhead of testing was 0.068622 seconds.
You can set `force_row_wise=true` to remove the overhead.
And if memory is not enough, you can set `force_col_wise=true`.
[LightGBM] [Info] Total Bins 9523
[LightGBM] [Info] Number of data points in the train set: 1697, number of used features: 3707
[LightGBM] [Info] Start training from score 0.620418
[succeeded] sufex-43f947cae651__split-6f58a5f8ef63__mfp_lightgbm_full__lightgbm__r02__f01
[LightGBM] [Info] Auto-choosing row-wise multi-threading, the overhead of testing was 0.068018 seconds.
You can set `force_row_wise=true` to remove the overhead.
And if memory is not enough, you can set `force_col_wise=true`.
[LightGBM] [Info] Total Bins 9520
[LightGBM] [Info] Number of data points in the train set: 1697, number of used features: 3726
[LightGBM] [Info] Start training from score 0.615787
[succeeded] sufex-43f947cae651__split-6f58a5f8ef63__mfp_lightgbm_full__lightgbm__r02__f02
[LightGBM] [Info] Auto-choosing row-wise multi-threading, the overhead of testing was 0.067649 seconds.
You can set `force_row_wise=true` to remove the overhead.
And if memory is not enough, you can set `force_col_wise=true`.
[LightGBM] [Info] Total Bins 9651
[LightGBM] [Info] Number of data points in the train set: 1698, number of used features: 3752
[LightGBM] [Info] Start training from score 0.630854
[succeeded] sufex-43f947cae651__split-6f58a5f8ef63__mfp_lightgbm_full__lightgbm__r02__f03
[LightGBM] [Info] Auto-choosing row-wise multi-threading, the overhead of testing was 0.068482 seconds.
You can set `force_row_wise=true` to remove the overhead.
And if memory is not enough, you can set `force_col_wise=true`.
[LightGBM] [Info] Total Bins 9578
[LightGBM] [Info] Number of data points in the train set: 1698, number of used features: 3745
[LightGBM] [Info] Start training from score 0.628251
[succeeded] sufex-43f947cae651__split-6f58a5f8ef63__mfp_lightgbm_full__lightgbm__r02__f04
[LightGBM] [Info] Auto-choosing row-wise multi-threading, the overhead of testing was 0.068231 seconds.
You can set `force_row_wise=true` to remove the overhead.
And if memory is not enough, you can set `force_col_wise=true`.
[LightGBM] [Info] Total Bins 9524
[LightGBM] [Info] Number of data points in the train set: 1698, number of used features: 3725
[LightGBM] [Info] Start training from score 0.623981
[succeeded] sufex-43f947cae651__split-6f58a5f8ef63__mfp_lightgbm_full__lightgbm__r02__f05
[LightGBM] [Info] Auto-choosing row-wise multi-threading, the overhead of testing was 0.067421 seconds.
You can set `force_row_wise=true` to remove the overhead.
And if memory is not enough, you can set `force_col_wise=true`.
[LightGBM] [Info] Total Bins 9551
[LightGBM] [Info] Number of data points in the train set: 1697, number of used features: 3706
[LightGBM] [Info] Start training from score 0.624720
[succeeded] sufex-43f947cae651__split-6f58a5f8ef63__mfp_lightgbm_full__lightgbm__r03__f01
[LightGBM] [Info] Auto-choosing row-wise multi-threading, the overhead of testing was 0.068062 seconds.
You can set `force_row_wise=true` to remove the overhead.
And if memory is not enough, you can set `force_col_wise=true`.
[LightGBM] [Info] Total Bins 9570
[LightGBM] [Info] Number of data points in the train set: 1697, number of used features: 3751
[LightGBM] [Info] Start training from score 0.616824
[succeeded] sufex-43f947cae651__split-6f58a5f8ef63__mfp_lightgbm_full__lightgbm__r03__f02
[LightGBM] [Info] Auto-choosing row-wise multi-threading, the overhead of testing was 0.070013 seconds.
You can set `force_row_wise=true` to remove the overhead.
And if memory is not enough, you can set `force_col_wise=true`.
[LightGBM] [Info] Total Bins 9596
[LightGBM] [Info] Number of data points in the train set: 1698, number of used features: 3756
[LightGBM] [Info] Start training from score 0.624152
[succeeded] sufex-43f947cae651__split-6f58a5f8ef63__mfp_lightgbm_full__lightgbm__r03__f03
[LightGBM] [Info] Auto-choosing row-wise multi-threading, the overhead of testing was 0.068471 seconds.
You can set `force_row_wise=true` to remove the overhead.
And if memory is not enough, you can set `force_col_wise=true`.
[LightGBM] [Info] Total Bins 9577
[LightGBM] [Info] Number of data points in the train set: 1698, number of used features: 3744
[LightGBM] [Info] Start training from score 0.626590
[succeeded] sufex-43f947cae651__split-6f58a5f8ef63__mfp_lightgbm_full__lightgbm__r03__f04
[LightGBM] [Info] Auto-choosing row-wise multi-threading, the overhead of testing was 0.066927 seconds.
You can set `force_row_wise=true` to remove the overhead.
And if memory is not enough, you can set `force_col_wise=true`.
[LightGBM] [Info] Total Bins 9525
[LightGBM] [Info] Number of data points in the train set: 1698, number of used features: 3727
[LightGBM] [Info] Start training from score 0.627008
[succeeded] sufex-43f947cae651__split-6f58a5f8ef63__mfp_lightgbm_full__lightgbm__r03__f05
[state] {'succeeded': 15, 'interrupted': 0, 'running': 0, 'failed': 0, 'pending': 0, 'skipped': 0, 'total': 15}
[report] /home/wangzh685/桌面/ord-data/YONOD/result/pnecessity_nonstandard_sufex_mfp_lightgbm_full_v1/sufex-43f947cae651/report/benchmark_report.html

[完成] 严格 benchmark 已成功完成!
