
============================================================
YONOD 数据集输入向导 v1.0
============================================================

欢迎使用YONOD数据集输入向导!
本向导将引导您完成数据集的配置和规范化。
============================================================
步骤1: 指定数据集/配置文件
============================================================

请输入数据集路径(CSV)或配置文件路径(schema-2 YAML): [OK] YAML配置文件: config/pnecessity_utility_liao_pd_ch_functionalization_mfp_lightgbm_minus_p_v1.yaml

============================================================
检测到 schema-2 YAML 配置文件，验证中...
============================================================
[OK] 配置文件验证通过
    项目名称: pnecessity_utility_liao_pd_ch_functionalization_mfp_lightgbm_minus_p_v1
    阶段: benchmark
    数据集: /home/wangzh685/桌面/ord-data/YONOD/result/pnecessity_utility_prepare_v1/data/liao_pd_ch_functionalization.csv

[OK] 配置文件有效,直接启动建模

[启动] 正在通过 yonod.py 运行 manifest_outer_cv strict benchmark...
[split] imported and revalidated external manifest: /home/wangzh685/桌面/ord-data/YONOD/result/pnecessity_utility_prepare_v1/manifests/liao_pd_ch_functionalization_non_p_input_split_manifest.parquet
[plan] run_id=liao-pd-ch-functionalization-1f5498dfa48d theoretical_tasks=15 requeued=0 interrupted=0
[phase 1/2] precompute or reuse eligible feature sets
[descriptor:computed] mfp_lightgbm_minus_p -> /home/wangzh685/桌面/ord-data/YONOD/result/pnecessity_utility_liao_pd_ch_functionalization_mfp_lightgbm_minus_p_v1/feature/mfp_lightgbm_minus_p.npz
[phase 2/2] folds consume artifacts or fold-local transformers by declared lifecycle
[LightGBM] [Info] Auto-choosing row-wise multi-threading, the overhead of testing was 0.002811 seconds.
You can set `force_row_wise=true` to remove the overhead.
And if memory is not enough, you can set `force_col_wise=true`.
[LightGBM] [Info] Total Bins 1201
[LightGBM] [Info] Number of data points in the train set: 825, number of used features: 551
[LightGBM] [Info] Start training from score 0.194558
[succeeded] liao-pd-ch-functionalization-1f5498dfa48d__split-4b3531986653__mfp_lightgbm_minus_p__lightgbm__r01__f01
[LightGBM] [Info] Auto-choosing row-wise multi-threading, the overhead of testing was 0.025731 seconds.
You can set `force_row_wise=true` to remove the overhead.
And if memory is not enough, you can set `force_col_wise=true`.
[LightGBM] [Info] Total Bins 1201
[LightGBM] [Info] Number of data points in the train set: 825, number of used features: 551
[LightGBM] [Info] Start training from score 0.199636
[succeeded] liao-pd-ch-functionalization-1f5498dfa48d__split-4b3531986653__mfp_lightgbm_minus_p__lightgbm__r01__f02
[LightGBM] [Info] Auto-choosing row-wise multi-threading, the overhead of testing was 0.005800 seconds.
You can set `force_row_wise=true` to remove the overhead.
And if memory is not enough, you can set `force_col_wise=true`.
[LightGBM] [Info] Total Bins 1201
[LightGBM] [Info] Number of data points in the train set: 826, number of used features: 551
[LightGBM] [Info] Start training from score 0.196816
[succeeded] liao-pd-ch-functionalization-1f5498dfa48d__split-4b3531986653__mfp_lightgbm_minus_p__lightgbm__r01__f03
[LightGBM] [Info] Auto-choosing row-wise multi-threading, the overhead of testing was 0.006099 seconds.
You can set `force_row_wise=true` to remove the overhead.
And if memory is not enough, you can set `force_col_wise=true`.
[LightGBM] [Info] Total Bins 1201
[LightGBM] [Info] Number of data points in the train set: 826, number of used features: 551
[LightGBM] [Info] Start training from score 0.194855
[succeeded] liao-pd-ch-functionalization-1f5498dfa48d__split-4b3531986653__mfp_lightgbm_minus_p__lightgbm__r01__f04
[LightGBM] [Info] Auto-choosing row-wise multi-threading, the overhead of testing was 0.005007 seconds.
You can set `force_row_wise=true` to remove the overhead.
And if memory is not enough, you can set `force_col_wise=true`.
[LightGBM] [Info] Total Bins 1201
[LightGBM] [Info] Number of data points in the train set: 826, number of used features: 551
[LightGBM] [Info] Start training from score 0.193111
[succeeded] liao-pd-ch-functionalization-1f5498dfa48d__split-4b3531986653__mfp_lightgbm_minus_p__lightgbm__r01__f05
[LightGBM] [Info] Auto-choosing row-wise multi-threading, the overhead of testing was 0.007743 seconds.
You can set `force_row_wise=true` to remove the overhead.
And if memory is not enough, you can set `force_col_wise=true`.
[LightGBM] [Info] Total Bins 1201
[LightGBM] [Info] Number of data points in the train set: 825, number of used features: 551
[LightGBM] [Info] Start training from score 0.191188
[succeeded] liao-pd-ch-functionalization-1f5498dfa48d__split-4b3531986653__mfp_lightgbm_minus_p__lightgbm__r02__f01
[LightGBM] [Info] Auto-choosing row-wise multi-threading, the overhead of testing was 0.002738 seconds.
You can set `force_row_wise=true` to remove the overhead.
And if memory is not enough, you can set `force_col_wise=true`.
[LightGBM] [Info] Total Bins 1201
[LightGBM] [Info] Number of data points in the train set: 825, number of used features: 551
[LightGBM] [Info] Start training from score 0.192388
[succeeded] liao-pd-ch-functionalization-1f5498dfa48d__split-4b3531986653__mfp_lightgbm_minus_p__lightgbm__r02__f02
[LightGBM] [Info] Auto-choosing row-wise multi-threading, the overhead of testing was 0.003957 seconds.
You can set `force_row_wise=true` to remove the overhead.
And if memory is not enough, you can set `force_col_wise=true`.
[LightGBM] [Info] Total Bins 1201
[LightGBM] [Info] Number of data points in the train set: 826, number of used features: 551
[LightGBM] [Info] Start training from score 0.198559
[succeeded] liao-pd-ch-functionalization-1f5498dfa48d__split-4b3531986653__mfp_lightgbm_minus_p__lightgbm__r02__f03
[LightGBM] [Info] Auto-choosing row-wise multi-threading, the overhead of testing was 0.005075 seconds.
You can set `force_row_wise=true` to remove the overhead.
And if memory is not enough, you can set `force_col_wise=true`.
[LightGBM] [Info] Total Bins 1201
[LightGBM] [Info] Number of data points in the train set: 826, number of used features: 551
[LightGBM] [Info] Start training from score 0.197893
[succeeded] liao-pd-ch-functionalization-1f5498dfa48d__split-4b3531986653__mfp_lightgbm_minus_p__lightgbm__r02__f04
[LightGBM] [Info] Auto-choosing row-wise multi-threading, the overhead of testing was 0.018403 seconds.
You can set `force_row_wise=true` to remove the overhead.
And if memory is not enough, you can set `force_col_wise=true`.
[LightGBM] [Info] Total Bins 1201
[LightGBM] [Info] Number of data points in the train set: 826, number of used features: 551
[LightGBM] [Info] Start training from score 0.198935
[succeeded] liao-pd-ch-functionalization-1f5498dfa48d__split-4b3531986653__mfp_lightgbm_minus_p__lightgbm__r02__f05
[LightGBM] [Info] Auto-choosing row-wise multi-threading, the overhead of testing was 0.004594 seconds.
You can set `force_row_wise=true` to remove the overhead.
And if memory is not enough, you can set `force_col_wise=true`.
[LightGBM] [Info] Total Bins 1201
[LightGBM] [Info] Number of data points in the train set: 825, number of used features: 551
[LightGBM] [Info] Start training from score 0.195636
[succeeded] liao-pd-ch-functionalization-1f5498dfa48d__split-4b3531986653__mfp_lightgbm_minus_p__lightgbm__r03__f01
[LightGBM] [Info] Auto-choosing row-wise multi-threading, the overhead of testing was 0.015087 seconds.
You can set `force_row_wise=true` to remove the overhead.
And if memory is not enough, you can set `force_col_wise=true`.
[LightGBM] [Info] Total Bins 1201
[LightGBM] [Info] Number of data points in the train set: 825, number of used features: 551
[LightGBM] [Info] Start training from score 0.195770
[succeeded] liao-pd-ch-functionalization-1f5498dfa48d__split-4b3531986653__mfp_lightgbm_minus_p__lightgbm__r03__f02
[LightGBM] [Info] Auto-choosing row-wise multi-threading, the overhead of testing was 0.004417 seconds.
You can set `force_row_wise=true` to remove the overhead.
And if memory is not enough, you can set `force_col_wise=true`.
[LightGBM] [Info] Total Bins 1201
[LightGBM] [Info] Number of data points in the train set: 826, number of used features: 551
[LightGBM] [Info] Start training from score 0.198705
[succeeded] liao-pd-ch-functionalization-1f5498dfa48d__split-4b3531986653__mfp_lightgbm_minus_p__lightgbm__r03__f03
[LightGBM] [Info] Auto-choosing row-wise multi-threading, the overhead of testing was 0.005727 seconds.
You can set `force_row_wise=true` to remove the overhead.
And if memory is not enough, you can set `force_col_wise=true`.
[LightGBM] [Info] Total Bins 1201
[LightGBM] [Info] Number of data points in the train set: 826, number of used features: 551
[LightGBM] [Info] Start training from score 0.198378
[succeeded] liao-pd-ch-functionalization-1f5498dfa48d__split-4b3531986653__mfp_lightgbm_minus_p__lightgbm__r03__f04
[LightGBM] [Info] Auto-choosing row-wise multi-threading, the overhead of testing was 0.003137 seconds.
You can set `force_row_wise=true` to remove the overhead.
And if memory is not enough, you can set `force_col_wise=true`.
[LightGBM] [Info] Total Bins 1201
[LightGBM] [Info] Number of data points in the train set: 826, number of used features: 551
[LightGBM] [Info] Start training from score 0.190484
[succeeded] liao-pd-ch-functionalization-1f5498dfa48d__split-4b3531986653__mfp_lightgbm_minus_p__lightgbm__r03__f05
[state] {'skipped': 0, 'running': 0, 'interrupted': 0, 'pending': 0, 'succeeded': 15, 'failed': 0, 'total': 15}
[report] /home/wangzh685/桌面/ord-data/YONOD/result/pnecessity_utility_liao_pd_ch_functionalization_mfp_lightgbm_minus_p_v1/report/benchmark_report.html

[完成] 严格 benchmark 已成功完成!
