
============================================================
YONOD 数据集输入向导 v1.0
============================================================

欢迎使用YONOD数据集输入向导!
本向导将引导您完成数据集的配置和规范化。
============================================================
步骤1: 指定数据集/配置文件
============================================================

请输入数据集路径(CSV)或配置文件路径(schema-2 YAML): [OK] YAML配置文件: config/pnecessity_numeric_conditions_ord_shields_morgan_rf_minus_p_v1.yaml

============================================================
检测到 schema-2 YAML 配置文件，验证中...
============================================================
[OK] 配置文件验证通过
    项目名称: pnecessity_numeric_conditions_ord_shields_morgan_rf_minus_p_v1
    阶段: benchmark
    数据集: /home/wangzh685/桌面/ord-data/YONOD/result/pnecessity_utility_prepare_v1/data/ord_shields.csv

[OK] 配置文件有效,直接启动建模

[启动] 正在通过 yonod.py 运行 manifest_outer_cv strict benchmark...
[plan] run_id=ord-shields-ddccddc338dd theoretical_tasks=15 requeued=0 interrupted=0
[phase 1/2] precompute or reuse eligible feature sets
[descriptor:computed] morgan_rf_minus_p -> /home/wangzh685/桌面/ord-data/YONOD/result/pnecessity_numeric_conditions_ord_shields_morgan_rf_minus_p_v1/feature/ord-shields-ddccddc338dd/descriptors/morgan_rf_minus_p.npz
[phase 2/2] folds consume artifacts or fold-local transformers by declared lifecycle
[succeeded] ord-shields-ddccddc338dd__split-d9ad0f9e50f0__morgan_rf_minus_p__rf__r01__f01
[succeeded] ord-shields-ddccddc338dd__split-d9ad0f9e50f0__morgan_rf_minus_p__rf__r01__f02
[succeeded] ord-shields-ddccddc338dd__split-d9ad0f9e50f0__morgan_rf_minus_p__rf__r01__f03
[succeeded] ord-shields-ddccddc338dd__split-d9ad0f9e50f0__morgan_rf_minus_p__rf__r01__f04
[succeeded] ord-shields-ddccddc338dd__split-d9ad0f9e50f0__morgan_rf_minus_p__rf__r01__f05
[succeeded] ord-shields-ddccddc338dd__split-d9ad0f9e50f0__morgan_rf_minus_p__rf__r02__f01
[succeeded] ord-shields-ddccddc338dd__split-d9ad0f9e50f0__morgan_rf_minus_p__rf__r02__f02
[succeeded] ord-shields-ddccddc338dd__split-d9ad0f9e50f0__morgan_rf_minus_p__rf__r02__f03
[succeeded] ord-shields-ddccddc338dd__split-d9ad0f9e50f0__morgan_rf_minus_p__rf__r02__f04
[succeeded] ord-shields-ddccddc338dd__split-d9ad0f9e50f0__morgan_rf_minus_p__rf__r02__f05
[succeeded] ord-shields-ddccddc338dd__split-d9ad0f9e50f0__morgan_rf_minus_p__rf__r03__f01
[succeeded] ord-shields-ddccddc338dd__split-d9ad0f9e50f0__morgan_rf_minus_p__rf__r03__f02
[succeeded] ord-shields-ddccddc338dd__split-d9ad0f9e50f0__morgan_rf_minus_p__rf__r03__f03
[succeeded] ord-shields-ddccddc338dd__split-d9ad0f9e50f0__morgan_rf_minus_p__rf__r03__f04
[succeeded] ord-shields-ddccddc338dd__split-d9ad0f9e50f0__morgan_rf_minus_p__rf__r03__f05
[state] {'failed': 0, 'succeeded': 15, 'skipped': 0, 'interrupted': 0, 'pending': 0, 'running': 0, 'total': 15}
[report] /home/wangzh685/桌面/ord-data/YONOD/result/pnecessity_numeric_conditions_ord_shields_morgan_rf_minus_p_v1/ord-shields-ddccddc338dd/report/benchmark_report.html

[完成] 严格 benchmark 已成功完成!
